// Jest Snapshot v1, https://goo.gl/fbAQLP

exports[`dummy should run well 1`] = `Object {}`;
