// Jest Snapshot v1, https://goo.gl/fbAQLP

exports[`fetchEditorInterfaces should fetch editor interfaces from mock 1`] = `
Object {
  "abstract": Object {
    "widgetId": "singleLine",
  },
  "actions": Object {
    "widgetId": "entryLinksEditor",
  },
  "heading": Object {
    "widgetId": "singleLine",
  },
  "icon": Object {
    "widgetId": "singleLine",
  },
  "media": Object {
    "widgetId": "assetLinksEditor",
  },
  "poster": Object {
    "widgetId": "assetLinkEditor",
  },
}
`;
