// Jest Snapshot v1, https://goo.gl/fbAQLP

exports[`getContentfulLocales should get locales from mock 1`] = `
Object {
  "defaultLocale": Object {
    "code": "en-US",
    "default": true,
    "fallbackCode": "en-US",
    "name": "English (United States)",
    "optional": false,
  },
  "locales": Array [
    Object {
      "code": "en-US",
      "default": true,
      "fallbackCode": "en-US",
      "name": "English (United States)",
      "optional": false,
    },
  ],
}
`;
