// Jest Snapshot v1, https://goo.gl/fbAQLP

exports[`writeSourceFiles should do not write files on dry run 1`] = `[MockFunction]`;

exports[`writeSourceFiles should write files 1`] = `
[MockFunction] {
  "calls": [
    [
      "/test-path/main.ts",
      "",
    ],
    [
      "/test-path/second.ts",
      "",
    ],
  ],
  "results": [
    {
      "type": "return",
      "value": undefined,
    },
    {
      "type": "return",
      "value": undefined,
    },
  ],
}
`;
