// Jest Snapshot v1, https://goo.gl/fbAQLP

exports[`contentTypeFieldsToPropertyTree should create a property tree 1`] = `
Object {
  "actions": Object {
    "node": Object {
      "blockTag": "@modelberry",
      "createKeywordTypeNode": 150,
      "inlineTags": Object {
        "@name": "Actions",
        "@widgetId": "entryLinksEditor",
      },
      "isRequired": false,
    },
  },
  "heading": Object {
    "node": Object {
      "blockTag": "@modelberry",
      "createKeywordTypeNode": 150,
      "inlineTags": Object {
        "@localized": true,
        "@name": "Heading",
        "@type": "Symbol",
        "@widgetId": "singleLine",
      },
      "isRequired": false,
    },
  },
}
`;
