// Jest Snapshot v1, https://goo.gl/fbAQLP

exports[`fetchEditorInterfaces should fetch editor interfaces from mock 1`] = `
{
  "abstract": {
    "widgetId": "singleLine",
  },
  "actions": {
    "widgetId": "entryLinksEditor",
  },
  "heading": {
    "widgetId": "singleLine",
  },
  "icon": {
    "widgetId": "singleLine",
  },
  "media": {
    "widgetId": "assetLinksEditor",
  },
  "poster": {
    "widgetId": "assetLinkEditor",
  },
}
`;
