// Jest Snapshot v1, https://goo.gl/fbAQLP

exports[`getAllPluginData should get data for all-tags.ts 1`] = `
{
  "@modelberry/plugin-contentful": {
    "dataVar": {},
    "types": {
      "Topic": {
        "interface": {
          "fields": {
            "heading": {
              "tags": {
                "@helpText": "The topic heading",
                "@itemsLinkType": "Entry",
                "@itemsType": "Link",
                "@linkType": "Symbol",
                "@localized": "",
                "@name": "Heading",
                "@required": "",
                "@type": "Array",
                "@validations": "unique",
                "@widgetId": "singleLine",
              },
              "type": "string",
            },
          },
          "interfaceTags": {
            "@plugin": "@modelberry/plugin-contentful",
            "@type": "topic",
          },
          "typeName": "Topic",
        },
        "variables": [],
      },
    },
  },
}
`;

exports[`getAllPluginData should get data for topic.ts 1`] = `
{
  "@modelberry/plugin-contentful": {
    "dataVar": {
      "fileName": "",
      "isArray": false,
      "isExported": true,
      "isObject": true,
      "isTyped": true,
      "name": "modelberryPluginData",
      "type": "ModelberryPluginData",
      "value": "{
  '@modelberry/plugin-contentful': {
    validations: {
      dropdown: { in: ['item A', 'item B', 'item C'] },
      media: { linkMimetypeGroup: ['image', 'video'] },
      action: { linkContentType: ['testAction'] },
      shortString: { size: { max: 155, min: 0 } },
      camelCase: {
        regexp: { pattern: '^[a-z]+([A-Z][a-z0-9]+)*$', flags: '' },
      },
      path: {
        regexp: {
          pattern: '^\\\\/[a-z0-9:\\\\._/~%\\\\-\\\\+&\\\\#\\\\?!=\\\\(\\\\)@]*$',
          flags: '',
        },
      },
      url: {
        regexp: {
          pattern:
            '^(ftp|http|https|mailto):(\\\\/\\\\/)*(\\\\w+:{0,1}\\\\w*@)?(\\\\S+)(:[0-9]+)?(\\\\/|\\\\/([\\\\w#!:.?+=&%@!\\\\-/]))?$',
          flags: '',
        },
      },
    },
  },
}",
    },
    "types": {
      "ContentfulAction": {
        "interface": {
          "fields": {
            "anchor": {
              "tags": {
                "@helpText": "Voorbeeld: mijn-anchor",
                "@type": "Symbol",
              },
              "type": "string | undefined",
            },
            "description": {
              "tags": {
                "@helpText": "Omschrijving van de actie, voor zoekmachines",
                "@type": "Symbol",
              },
              "type": "string | undefined",
            },
            "eventId": {
              "tags": {
                "@type": "Symbol",
              },
              "type": "string | undefined",
            },
            "heading": {
              "tags": {
                "@type": "Symbol",
              },
              "type": "string | undefined",
            },
            "query": {
              "tags": {
                "@type": "Symbol",
              },
              "type": "string | undefined",
            },
            "url": {
              "tags": {
                "@type": "Symbol",
              },
              "type": "string | undefined",
            },
          },
          "interfaceTags": {
            "@displayField": "heading",
            "@plugin": "@modelberry/plugin-contentful",
            "@type": "testAction",
          },
          "typeName": "ContentfulAction",
        },
        "variables": [
          {
            "fileName": "",
            "isArray": true,
            "isExported": true,
            "isObject": false,
            "isTyped": true,
            "name": "myActions",
            "type": "ContentfulAction",
            "value": "[
  {
    sys: {
      id: 'myContentActionId',
    },
    heading: 'Hello',
    anchor: 'anchor',
  },
]",
          },
        ],
      },
      "ContentfulTopic": {
        "interface": {
          "fields": {
            "abstract": {
              "tags": {
                "@type": "Symbol",
                "@validations": "shortString",
              },
              "type": "string | undefined",
            },
            "actionsCollection": {
              "tags": {
                "@description": "Action field, this is the description",
                "@itemsLinkType": "Entry",
                "@itemsType": "Link",
                "@type": "Array",
                "@validations": "action",
              },
              "type": "{ items: ContentfulAction[]; } | undefined",
            },
            "heading": {
              "tags": {
                "@type": "Symbol",
              },
              "type": "string | undefined",
            },
            "icon": {
              "tags": {
                "@type": "Symbol",
              },
              "type": "string | undefined",
            },
            "mediaCollection": {
              "tags": {
                "@itemsLinkType": "Asset",
                "@itemsType": "Link",
                "@type": "Array",
              },
              "type": "{ items: ContentfulAsset[]; } | undefined",
            },
            "poster": {
              "tags": {
                "@linkType": "Asset",
                "@type": "Link",
              },
              "type": "ContentfulAsset | undefined",
            },
          },
          "interfaceTags": {
            "@description": "Topic model, a heading, an abstract and a call to action",
            "@displayField": "heading",
            "@plugin": "@modelberry/plugin-contentful",
            "@type": "testTopic",
          },
          "typeName": "ContentfulTopic",
        },
        "variables": [
          {
            "fileName": "",
            "isArray": true,
            "isExported": true,
            "isObject": false,
            "isTyped": true,
            "name": "myTopics",
            "type": "ContentfulTopic",
            "value": "[
  {
    abstract: 'This is the abstract',
    actionsCollection: {
      items: [
        {
          sys: {
            id: 'myContentActionId',
          },
        },
      ],
    },
    heading: 'Heres the heading',
  },
]",
          },
        ],
      },
    },
  },
}
`;
