// Jest Snapshot v1, https://goo.gl/fbAQLP

exports[`getAllPluginData should get data for all-tags.ts 1`] = `
Object {
  "@modelberry/plugin-contentful/plain": Object {
    "dataVar": Object {},
    "types": Object {
      "Topic": Object {
        "interface": Object {
          "fields": Object {
            "heading": Object {
              "tags": Object {
                "@helpText": "The topic heading",
                "@itemsLinkType": "Entry",
                "@itemsType": "Link",
                "@linkType": "Symbol",
                "@localized": "",
                "@name": "Heading",
                "@required": "",
                "@type": "Array",
                "@validation": "unique",
                "@widget": "singleLine",
              },
              "type": "string",
            },
          },
          "interfaceTags": Object {
            "@plugin": "@modelberry/plugin-contentful/plain",
            "@type": "topic",
          },
          "typeName": "Topic",
        },
        "variables": Array [],
      },
    },
  },
}
`;

exports[`getAllPluginData should get data for topic.ts 1`] = `
Object {
  "@modelberry/plugin-contentful/plain": Object {
    "dataVar": Object {
      "fileName": "/Users/jacco/Development/@modelberry/mbfactory/packages/cli/src/lib/get-all-plugin-data/__fixtures__/topic.ts",
      "isArray": false,
      "isExported": true,
      "isObject": true,
      "isTyped": true,
      "name": "modelberryPluginData",
      "type": "ModelberryPluginData",
      "value": "{
  '@modelberry/plugin-contentful/plain': {
    validations: {
      dropdown: { in: ['item A', 'item B', 'item C'] },
      media: { linkMimetypeGroup: ['image', 'video'] },
      action: { linkContentType: ['action'] },
      shortString: { size: { max: 155, min: 0 } },
      camelCase: {
        regexp: { pattern: '^[a-z]+([A-Z][a-z0-9]+)*$', flags: '' },
      },
      path: {
        regexp: {
          pattern: '^\\\\\\\\/[a-z0-9:\\\\\\\\._/~%\\\\\\\\-\\\\\\\\+&\\\\\\\\#\\\\\\\\?!=\\\\\\\\(\\\\\\\\)@]*$',
          flags: '',
        },
      },
      url: {
        regexp: {
          pattern:
            '^(ftp|http|https|mailto):(\\\\\\\\/\\\\\\\\/)*(\\\\\\\\w+:{0,1}\\\\\\\\w*@)?(\\\\\\\\S+)(:[0-9]+)?(\\\\\\\\/|\\\\\\\\/([\\\\\\\\w#!:.?+=&%@!\\\\\\\\-/]))?$',
          flags: '',
        },
      },
    },
  },
}",
    },
    "types": Object {
      "ContentfulAction": Object {
        "interface": Object {
          "fields": Object {
            "anchor": Object {
              "tags": Object {
                "@helpText": "Voorbeeld: mijn-anchor",
                "@type": "Symbol",
              },
              "type": "string | undefined",
            },
            "description": Object {
              "tags": Object {
                "@helpText": "Omschrijving van de actie, voor zoekmachines",
                "@type": "Symbol",
              },
              "type": "string | undefined",
            },
            "eventId": Object {
              "tags": Object {
                "@type": "Symbol",
              },
              "type": "string | undefined",
            },
            "heading": Object {
              "tags": Object {
                "@type": "Symbol",
              },
              "type": "string | undefined",
            },
            "query": Object {
              "tags": Object {
                "@type": "Symbol",
              },
              "type": "string | undefined",
            },
            "url": Object {
              "tags": Object {
                "@type": "Symbol",
              },
              "type": "string | undefined",
            },
          },
          "interfaceTags": Object {
            "@plugin": "@modelberry/plugin-contentful/plain",
            "@type": "testAction",
          },
          "typeName": "ContentfulAction",
        },
        "variables": Array [
          Object {
            "fileName": "/Users/jacco/Development/@modelberry/mbfactory/packages/cli/src/lib/get-all-plugin-data/__fixtures__/topic-action.ts",
            "isArray": true,
            "isExported": true,
            "isObject": false,
            "isTyped": true,
            "name": "myActions",
            "type": "ContentfulAction",
            "value": "[
  {
    sys: {
      id: 'myContentActionId',
    },
    heading: 'Hello',
    anchor: 'anchor',
  },
]",
          },
        ],
      },
      "ContentfulTopic": Object {
        "interface": Object {
          "fields": Object {
            "abstract": Object {
              "tags": Object {
                "@type": "Symbol",
                "@validation": "shortString",
              },
              "type": "string | undefined",
            },
            "actionsCollection": Object {
              "tags": Object {
                "@description": "Action field, this is the description",
                "@itemsLinkType": "Entry",
                "@itemsType": "Link",
                "@type": "Array",
                "@validation": "action",
              },
              "type": "{ items: ContentfulAction[]; } | undefined",
            },
            "heading": Object {
              "tags": Object {
                "@type": "Symbol",
              },
              "type": "string | undefined",
            },
            "icon": Object {
              "tags": Object {
                "@type": "Symbol",
              },
              "type": "string | undefined",
            },
            "mediaCollection": Object {
              "tags": Object {
                "@itemsLinkType": "Asset",
                "@itemsType": "Link",
                "@type": "Array",
              },
              "type": "{ items: ContentfulAsset[]; } | undefined",
            },
            "poster": Object {
              "tags": Object {
                "@linkType": "Asset",
                "@type": "Link",
              },
              "type": "ContentfulAsset | undefined",
            },
          },
          "interfaceTags": Object {
            "@description": "Topic model, a heading, an abstract and a call to action",
            "@displayField": "heading",
            "@plugin": "@modelberry/plugin-contentful/plain",
            "@type": "testTopic",
          },
          "typeName": "ContentfulTopic",
        },
        "variables": Array [
          Object {
            "fileName": "/Users/jacco/Development/@modelberry/mbfactory/packages/cli/src/lib/get-all-plugin-data/__fixtures__/topic.ts",
            "isArray": true,
            "isExported": true,
            "isObject": false,
            "isTyped": true,
            "name": "myTopics",
            "type": "ContentfulTopic",
            "value": "[
  {
    abstract: 'This is the abstract',
    actionsCollection: {
      items: [
        {
          sys: {
            id: 'myContentActionId',
          },
        },
      ],
    },
    heading: 'Heres the heading',
  },
]",
          },
        ],
      },
    },
  },
}
`;
