// Jest Snapshot v1, https://goo.gl/fbAQLP

exports[`getModelberryPluginData should get data correctly 1`] = `
{
  "validations": {
    "camelCase": {
      "regexp": {
        "flags": "",
        "pattern": "^[a-z]+([A-Z][a-z0-9]+)*$",
      },
    },
    "dropdown": {
      "in": [
        "item A",
        "item B",
        "item C",
      ],
    },
  },
}
`;
