// Jest Snapshot v1, https://goo.gl/fbAQLP

exports[`entriesToJsVariables should convert entries to js variables 1`] = `
[
  {
    "abstract": "This is the abstract",
    "actions": [
      {
        "sys": {
          "id": "myContentActionId",
        },
      },
    ],
    "heading": "Heres the heading",
    "sys": {
      "id": "2v8GizBNh1oxbf6cKlpzJP",
    },
  },
]
`;
