// Jest Snapshot v1, https://goo.gl/fbAQLP

exports[`getCompilerOptions should get compiler options 1`] = `
{
  "allowJs": true,
  "allowUmdGlobalAccess": true,
  "configFilePath": undefined,
  "declaration": false,
  "downlevelIteration": true,
  "esModuleInterop": true,
  "forceConsistentCasingInFileNames": true,
  "jsx": 4,
  "lib": [
    "lib.dom.d.ts",
    "lib.dom.iterable.d.ts",
    "lib.esnext.d.ts",
  ],
  "module": 1,
  "moduleResolution": 3,
  "noImplicitReturns": true,
  "noUnusedLocals": true,
  "removeComments": true,
  "resolveJsonModule": true,
  "skipLibCheck": true,
  "sourceMap": false,
  "strict": true,
  "target": 1,
}
`;
