// Jest Snapshot v1, https://goo.gl/fbAQLP

exports[`Pull content should pull correctly with type filter 1`] = `
[MockFunction] {
  "calls": Array [
    Array [
      "./dummy/contentful-test-topic.ts",
      "export const testTopic: ContentfulTestTopic[] = [
  {
    abstract: 'Symbol = This is the abstract',
    actions: 'Array = [object Object]',
    heading: 'Symbol = Heres the heading',
  },
  {
    abstract: 'Symbol = This is the abstract',
    actions: 'Array = [object Object]',
    heading: 'Symbol = Heres the heading',
  },
  {
    abstract: 'Symbol = This is the abstract',
    actions: 'Array = [object Object]',
    heading: 'Symbol = Heres the heading',
  },
  {
    abstract: 'Symbol = This is the abstract',
    actions: 'Array = [object Object]',
    heading: 'Symbol = Heres the heading',
  },
  {
    abstract: 'Symbol = This is the abstract',
    actions: 'Array = [object Object]',
    heading: 'Symbol = Heres the heading',
  },
  {
    abstract: 'Symbol = This is the abstract',
    actions: 'Array = [object Object]',
    heading: 'Symbol = Heres the heading',
  },
  {
    abstract: 'Symbol = This is the abstract',
    actions: 'Array = [object Object]',
    heading: 'Symbol = Heres the heading',
  },
]
",
    ],
  ],
  "results": Array [
    Object {
      "type": "return",
      "value": undefined,
    },
  ],
}
`;

exports[`Pull content should pull correctly without type filter 1`] = `
[MockFunction] {
  "calls": Array [
    Array [
      "./dummy/contentful-test-topic.ts",
      "export const testTopic: ContentfulTestTopic[] = [
  {
    abstract: 'Symbol = This is the abstract',
    actions: 'Array = [object Object]',
    heading: 'Symbol = Heres the heading',
  },
  {
    abstract: 'Symbol = This is the abstract',
    actions: 'Array = [object Object]',
    heading: 'Symbol = Heres the heading',
  },
  {
    abstract: 'Symbol = This is the abstract',
    actions: 'Array = [object Object]',
    heading: 'Symbol = Heres the heading',
  },
  {
    abstract: 'Symbol = This is the abstract',
    actions: 'Array = [object Object]',
    heading: 'Symbol = Heres the heading',
  },
  {
    abstract: 'Symbol = This is the abstract',
    actions: 'Array = [object Object]',
    heading: 'Symbol = Heres the heading',
  },
  {
    abstract: 'Symbol = This is the abstract',
    actions: 'Array = [object Object]',
    heading: 'Symbol = Heres the heading',
  },
  {
    abstract: 'Symbol = This is the abstract',
    actions: 'Array = [object Object]',
    heading: 'Symbol = Heres the heading',
  },
]
",
    ],
    Array [
      "./dummy/contentful-test-topic.ts",
      "export const testTopic: ContentfulTestTopic[] = [
  {
    abstract: 'Symbol = This is the abstract',
    actions: 'Array = [object Object]',
    heading: 'Symbol = Heres the heading',
  },
  {
    abstract: 'Symbol = This is the abstract',
    actions: 'Array = [object Object]',
    heading: 'Symbol = Heres the heading',
  },
  {
    abstract: 'Symbol = This is the abstract',
    actions: 'Array = [object Object]',
    heading: 'Symbol = Heres the heading',
  },
  {
    abstract: 'Symbol = This is the abstract',
    actions: 'Array = [object Object]',
    heading: 'Symbol = Heres the heading',
  },
  {
    abstract: 'Symbol = This is the abstract',
    actions: 'Array = [object Object]',
    heading: 'Symbol = Heres the heading',
  },
  {
    abstract: 'Symbol = This is the abstract',
    actions: 'Array = [object Object]',
    heading: 'Symbol = Heres the heading',
  },
  {
    abstract: 'Symbol = This is the abstract',
    actions: 'Array = [object Object]',
    heading: 'Symbol = Heres the heading',
  },
]
",
    ],
    Array [
      "./dummy/contentful-test-action.ts",
      "export const testAction: ContentfulTestAction[] = [
  { anchor: 'Symbol = anchor', heading: 'Symbol = Hello' },
]
",
    ],
    Array [
      "./dummy/contentful-navigation-section.ts",
      "export const navigationSection: ContentfulNavigationSection[] = [
  {
    title: 'Symbol = Footer',
    logo: 'Link = [object Object]',
    logoAction: 'Link = [object Object]',
    footer: 'Array = [object Object]',
    social: 'Link = [object Object]',
    actions: 'Link = [object Object]',
    legal: 'Link = [object Object]',
    information: 'Array = [object Object]',
    sitemap:
      'Array = [object Object],[object Object],[object Object],[object Object]',
  },
  {
    title: 'Symbol = Header',
    logo: 'Link = [object Object]',
    logoAction: 'Link = [object Object]',
    header: 'Array = [object Object]',
    social: 'Link = [object Object]',
    actions: 'Link = [object Object]',
  },
]
",
    ],
    Array [
      "./dummy/contentful-topic-section.ts",
      "export const topicSection: ContentfulTopicSection[] = [
  {
    title: 'Symbol = Jaco Beach topic section',
    variant: 'Symbol = block',
    topics: 'Array = [object Object],[object Object]',
    eventId: 'Symbol = jaco-beach-topic-section',
  },
  {
    title: 'Symbol = Navigation explained',
    variant: 'Symbol = headline',
    topics: 'Array = [object Object]',
    eventId: 'Symbol = navigation-explained',
  },
  {
    title: 'Symbol = Text explained',
    variant: 'Symbol = headline',
    topics: 'Array = [object Object]',
    eventId: 'Symbol = text-explained',
  },
  {
    title: 'Symbol = Card explained',
    variant: 'Symbol = headline',
    topics: 'Array = [object Object]',
    eventId: 'Symbol = card-explained',
  },
  {
    title: 'Symbol = Divider explained',
    variant: 'Symbol = headline',
    topics: 'Array = [object Object]',
    eventId: 'Symbol = divider-exmplaed',
  },
  {
    title: 'Symbol = Featured explained',
    variant: 'Symbol = headline',
    topics: 'Array = [object Object]',
    eventId: 'Symbol = featured-explained',
  },
  {
    title: 'Symbol = Gallery explained',
    variant: 'Symbol = headline',
    topics: 'Array = [object Object]',
    eventId: 'Symbol = gallery-explained',
  },
  {
    title: 'Symbol = Headline explained',
    variant: 'Symbol = headline',
    topics: 'Array = [object Object]',
    eventId: 'Symbol = headline-explained',
  },
  {
    title: 'Symbol = Hero explained',
    variant: 'Symbol = headline',
    topics: 'Array = [object Object]',
    eventId: 'Symbol = hero-explained',
  },
  {
    title: 'Symbol = Video explained',
    variant: 'Symbol = headline',
    topics: 'Array = [object Object]',
    eventId: 'Symbol = video-explained',
  },
  {
    title: 'Symbol = Image explained',
    variant: 'Symbol = headline',
    topics: 'Array = [object Object]',
    eventId: 'Symbol = image-explained',
  },
  {
    title: 'Symbol = Quote explained',
    variant: 'Symbol = headline',
    topics: 'Array = [object Object]',
    eventId: 'Symbol = quote-explained',
  },
  {
    title: 'Symbol = Showcase explained',
    variant: 'Symbol = headline',
    topics: 'Array = [object Object]',
    eventId: 'Symbol = showcase-explained',
  },
  {
    title: 'Symbol = Block explained',
    variant: 'Symbol = headline',
    topics: 'Array = [object Object]',
    eventId: 'Symbol = block-explained',
  },
  {
    title: 'Symbol = Examples',
    variant: 'Symbol = block',
    topics:
      'Array = [object Object],[object Object],[object Object],[object Object],[object Object],[object Object],[object Object],[object Object],[object Object],[object Object],[object Object],[object Object],[object Object]',
    eventId: 'Symbol = all-variants-exmplained',
  },
  {
    title: 'Symbol = Video examples',
    variant: 'Symbol = video',
    topics: 'Array = [object Object],[object Object]',
    eventId: 'Symbol = video-examples',
  },
  {
    title: 'Symbol = Showcase examples',
    variant: 'Symbol = showcase',
    topics:
      'Array = [object Object],[object Object],[object Object],[object Object]',
    eventId: 'Symbol = showcase-examples',
  },
  {
    title: 'Symbol = Quote examples',
    variant: 'Symbol = quote',
    topics: 'Array = [object Object],[object Object]',
    eventId: 'Symbol = quote-examples',
  },
  {
    title: 'Symbol = Image examples',
    variant: 'Symbol = image',
    topics: 'Array = [object Object],[object Object]',
    eventId: 'Symbol = image-examples',
  },
  {
    title: 'Symbol = Hero examples',
    variant: 'Symbol = hero',
    topics: 'Array = [object Object]',
    eventId: 'Symbol = hero-examples',
  },
  {
    title: 'Symbol = Headline examples',
    variant: 'Symbol = headline',
    topics: 'Array = [object Object]',
    eventId: 'Symbol = headline-examples',
  },
  {
    title: 'Symbol = Gallery examples',
    variant: 'Symbol = gallery',
    topics: 'Array = [object Object],[object Object]',
    eventId: 'Symbol = gallery-examples',
  },
  {
    title: 'Symbol = Featured examples',
    variant: 'Symbol = featured',
    topics: 'Array = [object Object],[object Object]',
    eventId: 'Symbol = featured-examples',
  },
  {
    title: 'Symbol = Divider',
    variant: 'Symbol = divider',
    eventId: 'Symbol = divider-examples',
  },
  {
    title: 'Symbol = Card examples',
    variant: 'Symbol = card',
    topics:
      'Array = [object Object],[object Object],[object Object],[object Object],[object Object]',
    eventId: 'Symbol = card-examples',
  },
  {
    title: 'Symbol = Block examples',
    variant: 'Symbol = block',
    topics:
      'Array = [object Object],[object Object],[object Object],[object Object]',
    eventId: 'Symbol = block-examples',
  },
]
",
    ],
    Array [
      "./dummy/contentful-topic.ts",
      "export const topic: ContentfulTopic[] = [
  {
    title: 'Symbol = Jac\\\\u00F3 Beach topic',
    heading: 'Symbol = Jac\\\\u00F3 Beach',
    abstract:
      'Text = Jac\\\\u00F3 is a district of the Garabito canton, in the Puntarenas province of Costa Rica. Jac\\\\u00F3 has a black sand beach that is 4 km (2.5 mi) long and is popular among surfers.',
    media: 'Array = [object Object]',
    icon: 'Symbol = sun',
    actions: 'Array = [object Object]',
  },
  {
    title: 'Symbol = Another topic',
    heading: 'Symbol = Another topic',
    abstract: 'Text = This is the other topic',
    media: 'Array = [object Object]',
    icon: 'Symbol = archive',
    actions: 'Array = [object Object]',
  },
  {
    title: 'Symbol = Build great things with Wheelroom',
    heading: 'Symbol = Build great things with Wheelroom',
    abstract:
      'Text = Wheelroom is a new approach to faster, cost efficient and more secure applications.',
    media: 'Array = [object Object]',
    icon: 'Symbol = box',
    actions: 'Array = [object Object]',
  },
  {
    title: 'Symbol = Image explained',
    heading: 'Symbol = Image',
    abstract: 'Text = Image shows the larger image.',
    icon: 'Symbol = book-open',
    actions: 'Array = [object Object]',
  },
  {
    title: 'Symbol = Showcase explained',
    heading: 'Symbol = Showcase',
    abstract:
      \\"Text = Showcase sets your topics on display in a modest way. Stacked on top of each other, it's a clear line-up.\\",
    icon: 'Symbol = book-open',
    actions: 'Array = [object Object]',
  },
  {
    title: 'Symbol = Headline explained',
    heading: 'Symbol = Headline',
    abstract:
      'Text = Headlines are ideal page openers. Half way on a page they are useful for starting a new section.',
    icon: 'Symbol = book-open',
    actions: 'Array = [object Object]',
  },
  {
    title: 'Symbol = Block explained',
    heading: 'Symbol = Block',
    abstract:
      'Text = Block gives overview to a set of topics. Stacked neatly next to each other they provide a clean display.',
    icon: 'Symbol = book-open',
    actions: 'Array = [object Object]',
  },
  {
    title: 'Symbol = Card explained',
    heading: 'Symbol = Card',
    abstract: 'Text = Cards are on the table. Like cards are supposed to.',
    icon: 'Symbol = book-open',
    actions: 'Array = [object Object]',
  },
  {
    title: 'Symbol = Gallery explained',
    heading: 'Symbol = Gallery',
    abstract: 'Text = Gallery organises images on a grid.',
    icon: 'Symbol = book-open',
    actions: 'Array = [object Object]',
  },
  {
    title: 'Symbol = Featured explained',
    heading: 'Symbol = Featured',
    abstract: 'Text = Featured puts it on display. In a spacious room.',
    icon: 'Symbol = book-open',
    actions: 'Array = [object Object]',
  },
  {
    title: 'Symbol = Quote explained',
    heading: 'Symbol = Quote',
    abstract: 'Text = Quote. No need to explain that.',
    icon: 'Symbol = book-open',
    actions: 'Array = [object Object]',
  },
  {
    title: 'Symbol = Hero explained',
    heading: 'Symbol = Hero',
    abstract: 'Text = Hero puts the message on top of the image.',
    icon: 'Symbol = book-open',
    actions: 'Array = [object Object]',
  },
  {
    title: 'Symbol = Divider explained',
    heading: 'Symbol = Divider explained',
    abstract:
      'Text = Diver splits in two. On longer pages the divider provides clean sections.',
    icon: 'Symbol = book-open',
    actions: 'Array = [object Object]',
  },
  {
    title: 'Symbol = Video explained',
    heading: 'Symbol = Video',
    abstract:
      'Text = Video moves the image. Upload your own images to the CMS, no need for anything else.',
    icon: 'Symbol = book-open',
    actions: 'Array = [object Object]',
  },
  {
    title: 'Symbol = Text explained',
    heading: 'Symbol = Text',
    abstract:
      'Text = Text is free style. Have it your own, including headings, images and all that.',
    icon: 'Symbol = book-open',
    actions: 'Array = [object Object]',
  },
  {
    title: 'Symbol = Navigation explained',
    heading: 'Symbol = Navigation',
    abstract:
      'Text = Navigation is for organising links. The best examples are at the top and bottom of this page.',
    icon: 'Symbol = book-open',
    actions: 'Array = [object Object]',
  },
  {
    title: 'Symbol = Blue oil',
    heading: 'Symbol = Blue oil',
    abstract:
      'Text = Blue is one of the three primary colours of pigments in painting and traditional colour theory, as well as in the RGB colour model.',
    media:
      'Array = [object Object],[object Object],[object Object],[object Object]',
    icon: 'Symbol = book-open',
    actions: 'Array = [object Object]',
    poster: 'Link = [object Object]',
  },
  {
    title: 'Symbol = Page section examples',
    heading: 'Symbol = Examples',
    abstract:
      'Text = Pages are build up out of sections. Each section has a flavour. We call them display variations.',
    icon: 'Symbol = book-open',
  },
]
",
    ],
    Array [
      "./dummy/contentful-text-section.ts",
      "export const textSection: ContentfulTextSection[] = [
  {
    title: 'Symbol = Test text section',
    variant: 'Symbol = text',
    text: 'RichText = [object Object]',
    eventId: 'Symbol = test-text-section',
  },
]
",
    ],
    Array [
      "./dummy/contentful-navigation-segment.ts",
      "export const navigationSegment: ContentfulNavigationSegment[] = [
  {
    title: 'Symbol = Sitemap segment',
    heading: 'Symbol = Examples',
    abstract: 'Text = All Wheelroom examples',
    actions:
      'Array = [object Object],[object Object],[object Object],[object Object],[object Object],[object Object],[object Object],[object Object],[object Object],[object Object],[object Object],[object Object],[object Object]',
  },
  {
    title: 'Symbol = Actions segment',
    heading: 'Symbol = Actions',
    actions: 'Array = [object Object],[object Object]',
  },
  {
    title: 'Symbol = Menu segment',
    heading: 'Symbol = Wheelroom',
    actions: 'Array = [object Object],[object Object],[object Object]',
  },
  {
    title: 'Symbol = Social segment',
    heading: 'Symbol = Social',
    actions: 'Array = [object Object]',
  },
]
",
    ],
    Array [
      "./dummy/contentful-page.ts",
      "export const page: ContentfulPage[] = [
  {
    title: 'Symbol = /',
    path: 'Symbol = /',
    sections: 'Array = [object Object],[object Object],[object Object]',
  },
  {
    title: 'Symbol = /another-page',
    path: 'Symbol = /another-page',
    sections: 'Array = [object Object],[object Object],[object Object]',
  },
  {
    title: 'Symbol = /examples',
    path: 'Symbol = /examples',
    sections: 'Array = [object Object],[object Object],[object Object]',
  },
  {
    title: 'Symbol = /examples/card',
    path: 'Symbol = /examples/card',
    sections:
      'Array = [object Object],[object Object],[object Object],[object Object],[object Object]',
  },
  {
    title: 'Symbol = /examples/divider',
    path: 'Symbol = /examples/divider',
    sections:
      'Array = [object Object],[object Object],[object Object],[object Object]',
  },
  {
    title: 'Symbol = /examples/featured',
    path: 'Symbol = /examples/featured',
    sections:
      'Array = [object Object],[object Object],[object Object],[object Object],[object Object]',
  },
  {
    title: 'Symbol = /examples/gallery',
    path: 'Symbol = /examples/gallery',
    sections:
      'Array = [object Object],[object Object],[object Object],[object Object],[object Object]',
  },
  {
    title: 'Symbol = /examples/headline',
    path: 'Symbol = /examples/headline',
    sections:
      'Array = [object Object],[object Object],[object Object],[object Object],[object Object]',
  },
  {
    title: 'Symbol = /examples/hero',
    path: 'Symbol = /examples/hero',
    sections:
      'Array = [object Object],[object Object],[object Object],[object Object],[object Object]',
  },
  {
    title: 'Symbol = /examples/video',
    path: 'Symbol = /examples/video',
    sections:
      'Array = [object Object],[object Object],[object Object],[object Object],[object Object]',
  },
  {
    title: 'Symbol = /examples/image',
    path: 'Symbol = /examples/image',
    sections:
      'Array = [object Object],[object Object],[object Object],[object Object],[object Object]',
  },
  {
    title: 'Symbol = /examples/quote',
    path: 'Symbol = /examples/quote',
    sections:
      'Array = [object Object],[object Object],[object Object],[object Object],[object Object]',
  },
  {
    title: 'Symbol = /examples/showcase',
    path: 'Symbol = /examples/showcase',
    sections:
      'Array = [object Object],[object Object],[object Object],[object Object],[object Object]',
  },
  {
    title: 'Symbol = /examples/block',
    path: 'Symbol = /examples/block',
    sections:
      'Array = [object Object],[object Object],[object Object],[object Object],[object Object]',
  },
  {
    title: 'Symbol = /examples/navigation',
    path: 'Symbol = /examples/navigation',
    sections:
      'Array = [object Object],[object Object],[object Object],[object Object],[object Object]',
  },
  {
    title: 'Symbol = /examples/text',
    path: 'Symbol = /examples/text',
    sections: 'Array = [object Object],[object Object],[object Object]',
  },
]
",
    ],
    Array [
      "./dummy/contentful-globals.ts",
      "export const globals: ContentfulGlobals[] = [
  {
    title: 'Symbol = Global settings for this site',
    siteAuthor: 'Symbol = Wheelroom',
    siteDescription:
      'Symbol = Wheelroom is an open source project and created for developers that want to work with the latest technology and services.',
    siteHeading: 'Symbol = Wheelroom',
    siteKeywords: 'Array = Wheelroom,Boilerplate,Example set',
    skipToContentHeading: 'Symbol = Skip to Wheelroom content',
  },
]
",
    ],
    Array [
      "./dummy/contentful-embed.ts",
      "export const embed: ContentfulEmbed[] = []
",
    ],
    Array [
      "./dummy/contentful-action.ts",
      "export const action: ContentfulAction[] = [
  {
    title: 'Symbol = Featured example',
    heading: 'Symbol = Featured example',
    page: 'Link = [object Object]',
    eventId: 'Symbol = featured-example',
  },
  {
    title: 'Symbol = Block example',
    heading: 'Symbol = Block example',
    page: 'Link = [object Object]',
    eventId: 'Symbol = block-example',
  },
  {
    title: 'Symbol = Card example',
    heading: 'Symbol = Card example',
    page: 'Link = [object Object]',
    eventId: 'Symbol = card-example',
  },
  {
    title: 'Symbol = Gallery example',
    heading: 'Symbol = Gallery example',
    page: 'Link = [object Object]',
    eventId: 'Symbol = gallery-example',
  },
  {
    title: 'Symbol = Showcase example',
    heading: 'Symbol = Showcase example',
    page: 'Link = [object Object]',
    eventId: 'Symbol = showcase-example',
  },
  {
    title: 'Symbol = Quote example',
    heading: 'Symbol = Quote example',
    page: 'Link = [object Object]',
    eventId: 'Symbol = quote-example',
  },
  {
    title: 'Symbol = Headline example',
    heading: 'Symbol = Headline example',
    page: 'Link = [object Object]',
    eventId: 'Symbol = headline-example',
  },
  {
    title: 'Symbol = Image example',
    heading: 'Symbol = Image example',
    page: 'Link = [object Object]',
    eventId: 'Symbol = image-example',
  },
  {
    title: 'Symbol = Text example',
    heading: 'Symbol = Text example',
    page: 'Link = [object Object]',
    eventId: 'Symbol = text-example',
  },
  {
    title: 'Symbol = Divider example',
    heading: 'Symbol = Divider example',
    page: 'Link = [object Object]',
    eventId: 'Symbol = divider-example',
  },
  {
    title: 'Symbol = Hero example',
    heading: 'Symbol = Hero example',
    page: 'Link = [object Object]',
    eventId: 'Symbol = hero-example',
  },
  {
    title: 'Symbol = Video example',
    heading: 'Symbol = Video example',
    page: 'Link = [object Object]',
    eventId: 'Symbol = video-example',
  },
  {
    title: 'Symbol = Navigation example',
    heading: 'Symbol = Navigation example',
    page: 'Link = [object Object]',
    eventId: 'Symbol = navigation-example',
  },
  {
    title: 'Symbol = Examples',
    heading: 'Symbol = Examples',
    description:
      'Symbol = An overview of all the Wheelroom page-section exmaples',
    page: 'Link = [object Object]',
    eventId: 'Symbol = check-the-wheelroom-examples-action',
  },
  {
    title: 'Symbol = Home',
    heading: 'Symbol = Home',
    description: 'Symbol = Go to homepage',
    page: 'Link = [object Object]',
    eventId: 'Symbol = home',
  },
  {
    title: 'Symbol = Wheelroom (action)',
    heading: 'Symbol = Wheelroom',
    description: 'Symbol = Go back to the Wheelroom homepage',
    eventId: 'Symbol = wheelroom-action',
  },
  {
    title: 'Symbol = Try Wheelroom for Free (action)',
    heading: 'Symbol = Try Wheelroom for Free',
    description: 'Symbol = Visit our Github Wheelroom code repository',
    url: 'Symbol = https://github.com/wheelroom/wheelroom',
  },
  {
    title: 'Symbol = Github',
    heading: 'Symbol = Github',
    description: 'Symbol = Visit our Github Wheelroom code repository',
    icon: 'Symbol = Github',
    url: 'Symbol = https://github.com/wheelroom/wheelroom',
    eventId: 'Symbol = github',
  },
  {
    title: 'Symbol = Another action',
    heading: 'Symbol = Another action',
    page: 'Link = [object Object]',
    eventId: 'Symbol = another-action',
  },
  {
    title: 'Symbol = Jac\\\\u00F3 Beach on Wikipedia',
    heading: 'Symbol = Jac\\\\u00F3 Beach on Wikipedia',
    description:
      'Symbol = Jac\\\\u00F3 was created on 16 September 1965. Segregated from Puntarenas.',
    icon: 'Symbol = external-link',
    url: 'Symbol = https://en.wikipedia.org/wiki/Jac\\\\u00F3,_Costa_Rica',
    eventId: 'Symbol = jaco-beach',
  },
]
",
    ],
  ],
  "results": Array [
    Object {
      "type": "return",
      "value": undefined,
    },
    Object {
      "type": "return",
      "value": undefined,
    },
    Object {
      "type": "return",
      "value": undefined,
    },
    Object {
      "type": "return",
      "value": undefined,
    },
    Object {
      "type": "return",
      "value": undefined,
    },
    Object {
      "type": "return",
      "value": undefined,
    },
    Object {
      "type": "return",
      "value": undefined,
    },
    Object {
      "type": "return",
      "value": undefined,
    },
    Object {
      "type": "return",
      "value": undefined,
    },
    Object {
      "type": "return",
      "value": undefined,
    },
    Object {
      "type": "return",
      "value": undefined,
    },
    Object {
      "type": "return",
      "value": undefined,
    },
  ],
}
`;
